5 2.03328 2.00011
10 2.00825 2.00001
20 2.00206 2.00000
100 2.00008 2.00000
500 2.00000 2.00000
1000 2.00000 2.00000
